
> react-typescript-starter@0.1.0 test
> react-scripts test --coverage

Browserslist: caniuse-lite is outdated. Please run:
  npx browserslist@latest --update-db
  Why you should do it regularly: https://github.com/browserslist/browserslist#browsers-data-updating
  console.error
    Warning: Each child in a list should have a unique "key" prop.
    
    Check the render method of `DegreePlanPage`. See https://reactjs.org/link/warning-keys for more information.
        at DegreePlanPage (/home/runner/work/ud-cis-scheduler/ud-cis-scheduler/src/components/DegreePlanPage.tsx:29:5)
        at div
        at App (/home/runner/work/ud-cis-scheduler/ud-cis-scheduler/src/App.tsx:18:39)

      354 |                 handleSubmit={handleNewSumSubmit}
      355 |             />
    > 356 |             <div key={thisPlan.name}>
          |             ^
      357 |                 <b>
      358 |                     <u>
      359 |                         <h5>{thisPlan.name}</h5>

      at printWarning (node_modules/react/cjs/react-jsx-dev-runtime.development.js:117:30)
      at error (node_modules/react/cjs/react-jsx-dev-runtime.development.js:93:5)
      at validateExplicitKey (node_modules/react/cjs/react-jsx-dev-runtime.development.js:986:5)
      at validateChildKeys (node_modules/react/cjs/react-jsx-dev-runtime.development.js:1013:11)
      at jsxWithValidation (node_modules/react/cjs/react-jsx-dev-runtime.development.js:1174:15)
      at DegreePlanPage (src/components/DegreePlanPage.tsx:356:13)
      at renderWithHooks (node_modules/react-dom/cjs/react-dom.development.js:14985:18)

  console.error
    Warning: validateDOMNesting(...): <th> cannot appear as a child of <table>.
        at th
        at table
        at div
        at SemesterView (/home/runner/work/ud-cis-scheduler/ud-cis-scheduler/src/components/SemesterView.tsx:38:5)
        at div
        at DegreePlanPage (/home/runner/work/ud-cis-scheduler/ud-cis-scheduler/src/components/DegreePlanPage.tsx:29:5)
        at div
        at App (/home/runner/work/ud-cis-scheduler/ud-cis-scheduler/src/App.tsx:18:39)

      at printWarning (node_modules/react-dom/cjs/react-dom.development.js:67:30)
      at error (node_modules/react-dom/cjs/react-dom.development.js:43:5)
      at validateDOMNesting (node_modules/react-dom/cjs/react-dom.development.js:10081:7)
      at createInstance (node_modules/react-dom/cjs/react-dom.development.js:10181:5)
      at completeWork (node_modules/react-dom/cjs/react-dom.development.js:19464:28)
      at completeUnitOfWork (node_modules/react-dom/cjs/react-dom.development.js:22812:16)
      at performUnitOfWork (node_modules/react-dom/cjs/react-dom.development.js:22787:5)

  console.error
    Warning: validateDOMNesting(...): <tr> cannot appear as a child of <table>. Add a <tbody>, <thead> or <tfoot> to your code to match the DOM tree generated by the browser.
        at tr
        at PlannedCourses (/home/runner/work/ud-cis-scheduler/ud-cis-scheduler/src/components/PlannedCourses.tsx:19:5)
        at table
        at div
        at SemesterView (/home/runner/work/ud-cis-scheduler/ud-cis-scheduler/src/components/SemesterView.tsx:38:5)
        at div
        at DegreePlanPage (/home/runner/work/ud-cis-scheduler/ud-cis-scheduler/src/components/DegreePlanPage.tsx:29:5)
        at div
        at App (/home/runner/work/ud-cis-scheduler/ud-cis-scheduler/src/App.tsx:18:39)

      at printWarning (node_modules/react-dom/cjs/react-dom.development.js:67:30)
      at error (node_modules/react-dom/cjs/react-dom.development.js:43:5)
      at validateDOMNesting (node_modules/react-dom/cjs/react-dom.development.js:10081:7)
      at createInstance (node_modules/react-dom/cjs/react-dom.development.js:10181:5)
      at completeWork (node_modules/react-dom/cjs/react-dom.development.js:19464:28)
      at completeUnitOfWork (node_modules/react-dom/cjs/react-dom.development.js:22812:16)
      at performUnitOfWork (node_modules/react-dom/cjs/react-dom.development.js:22787:5)

  console.error
    Warning: validateDOMNesting(...): Text nodes cannot appear as a child of <tr>.
        at tr
        at table
        at div
        at SemesterView (/home/runner/work/ud-cis-scheduler/ud-cis-scheduler/src/components/SemesterView.tsx:38:5)
        at div
        at DegreePlanPage (/home/runner/work/ud-cis-scheduler/ud-cis-scheduler/src/components/DegreePlanPage.tsx:29:5)
        at div
        at App (/home/runner/work/ud-cis-scheduler/ud-cis-scheduler/src/App.tsx:18:39)

      at printWarning (node_modules/react-dom/cjs/react-dom.development.js:67:30)
      at error (node_modules/react-dom/cjs/react-dom.development.js:43:5)
      at validateDOMNesting (node_modules/react-dom/cjs/react-dom.development.js:10081:7)
      at createTextInstance (node_modules/react-dom/cjs/react-dom.development.js:10223:5)
      at completeWork (node_modules/react-dom/cjs/react-dom.development.js:19514:40)
      at completeUnitOfWork (node_modules/react-dom/cjs/react-dom.development.js:22812:16)
      at performUnitOfWork (node_modules/react-dom/cjs/react-dom.development.js:22787:5)

  console.error
    Warning: validateDOMNesting(...): <br> cannot appear as a child of <table>.
        at br
        at table
        at div
        at SemesterView (/home/runner/work/ud-cis-scheduler/ud-cis-scheduler/src/components/SemesterView.tsx:38:5)
        at div
        at DegreePlanPage (/home/runner/work/ud-cis-scheduler/ud-cis-scheduler/src/components/DegreePlanPage.tsx:29:5)
        at div
        at App (/home/runner/work/ud-cis-scheduler/ud-cis-scheduler/src/App.tsx:18:39)

      at printWarning (node_modules/react-dom/cjs/react-dom.development.js:67:30)
      at error (node_modules/react-dom/cjs/react-dom.development.js:43:5)
      at validateDOMNesting (node_modules/react-dom/cjs/react-dom.development.js:10081:7)
      at createInstance (node_modules/react-dom/cjs/react-dom.development.js:10181:5)
      at completeWork (node_modules/react-dom/cjs/react-dom.development.js:19464:28)
      at completeUnitOfWork (node_modules/react-dom/cjs/react-dom.development.js:22812:16)
      at performUnitOfWork (node_modules/react-dom/cjs/react-dom.development.js:22787:5)

  console.error
    Warning: Each child in a list should have a unique "key" prop.
    
    Check the top-level render call using <ul>. See https://reactjs.org/link/warning-keys for more information.
        at DegreePlanPage (/home/runner/work/ud-cis-scheduler/ud-cis-scheduler/src/components/DegreePlanPage.tsx:29:5)
        at div
        at App (/home/runner/work/ud-cis-scheduler/ud-cis-scheduler/src/App.tsx:18:39)

      224 |         setReqsDisplay(
      225 |             <div>
    > 226 |                 <ul>{jsxElements}</ul>
          |                 ^
      227 |             </div>
      228 |         );
      229 |     }, [degreeRequirements]);

      at printWarning (node_modules/react/cjs/react-jsx-dev-runtime.development.js:117:30)
      at error (node_modules/react/cjs/react-jsx-dev-runtime.development.js:93:5)
      at validateExplicitKey (node_modules/react/cjs/react-jsx-dev-runtime.development.js:986:5)
      at validateChildKeys (node_modules/react/cjs/react-jsx-dev-runtime.development.js:1013:11)
      at jsxWithValidation (node_modules/react/cjs/react-jsx-dev-runtime.development.js:1184:11)
      at src/components/DegreePlanPage.tsx:226:17
      at invokePassiveEffectCreate (node_modules/react-dom/cjs/react-dom.development.js:23487:20)

  console.error
    Warning: Received NaN for the `value` attribute. If this is expected, cast the value to a string.
        at input
        at /home/runner/work/ud-cis-scheduler/ud-cis-scheduler/node_modules/react-bootstrap/cjs/FormControl.js:27:3
        at div
        at /home/runner/work/ud-cis-scheduler/ud-cis-scheduler/node_modules/react-bootstrap/cjs/FormGroup.js:19:3
        at div
        at /home/runner/work/ud-cis-scheduler/ud-cis-scheduler/node_modules/react-bootstrap/cjs/createWithBsPrefix.js:31:5
        at div
        at div
        at /home/runner/work/ud-cis-scheduler/ud-cis-scheduler/node_modules/react-bootstrap/cjs/ModalDialog.js:21:3
        at div
        at Transition (/home/runner/work/ud-cis-scheduler/ud-cis-scheduler/node_modules/react-transition-group/cjs/Transition.js:133:30)
        at /home/runner/work/ud-cis-scheduler/ud-cis-scheduler/node_modules/react-bootstrap/cjs/TransitionWrapper.js:24:3
        at /home/runner/work/ud-cis-scheduler/ud-cis-scheduler/node_modules/react-bootstrap/cjs/Fade.js:38:3
        at DialogTransition
        at /home/runner/work/ud-cis-scheduler/ud-cis-scheduler/node_modules/@restart/ui/cjs/Modal.js:75:5
        at /home/runner/work/ud-cis-scheduler/ud-cis-scheduler/node_modules/react-bootstrap/cjs/Modal.js:85:3
        at NewSemesterPopup (/home/runner/work/ud-cis-scheduler/ud-cis-scheduler/src/components/modals/NewSemesterPopup.tsx:9:5)
        at DegreePlanPage (/home/runner/work/ud-cis-scheduler/ud-cis-scheduler/src/components/DegreePlanPage.tsx:29:5)
        at div
        at App (/home/runner/work/ud-cis-scheduler/ud-cis-scheduler/src/App.tsx:18:39)

      at printWarning (node_modules/react-dom/cjs/react-dom.development.js:67:30)
      at error (node_modules/react-dom/cjs/react-dom.development.js:43:5)
      at validateProperty$1 (node_modules/react-dom/cjs/react-dom.development.js:3492:7)
      at warnUnknownProperties (node_modules/react-dom/cjs/react-dom.development.js:3559:21)
      at validateProperties$2 (node_modules/react-dom/cjs/react-dom.development.js:3583:3)
      at validatePropertiesInDevelopment (node_modules/react-dom/cjs/react-dom.development.js:8765:5)
      at diffProperties (node_modules/react-dom/cjs/react-dom.development.js:9172:5)

  console.error
    Error: Not implemented: window.alert
        at module.exports (/home/runner/work/ud-cis-scheduler/ud-cis-scheduler/node_modules/jsdom/lib/jsdom/browser/not-implemented.js:9:17)
        at alert (/home/runner/work/ud-cis-scheduler/ud-cis-scheduler/node_modules/jsdom/lib/jsdom/browser/Window.js:866:7)
        at handleSubmit (/home/runner/work/ud-cis-scheduler/ud-cis-scheduler/src/components/DegreePlanPage.tsx:253:13)
        at onClick (/home/runner/work/ud-cis-scheduler/ud-cis-scheduler/src/components/modals/NewSemesterPopup.tsx:59:36)
        at HTMLUnknownElement.callCallback (/home/runner/work/ud-cis-scheduler/ud-cis-scheduler/node_modules/react-dom/cjs/react-dom.development.js:3945:14)
        at HTMLUnknownElement.callTheUserObjectsOperation (/home/runner/work/ud-cis-scheduler/ud-cis-scheduler/node_modules/jsdom/lib/jsdom/living/generated/EventListener.js:26:30)
        at innerInvokeEventListeners (/home/runner/work/ud-cis-scheduler/ud-cis-scheduler/node_modules/jsdom/lib/jsdom/living/events/EventTarget-impl.js:338:25)
        at invokeEventListeners (/home/runner/work/ud-cis-scheduler/ud-cis-scheduler/node_modules/jsdom/lib/jsdom/living/events/EventTarget-impl.js:274:3)
        at HTMLUnknownElementImpl._dispatch (/home/runner/work/ud-cis-scheduler/ud-cis-scheduler/node_modules/jsdom/lib/jsdom/living/events/EventTarget-impl.js:221:9)
        at HTMLUnknownElementImpl.dispatchEvent (/home/runner/work/ud-cis-scheduler/ud-cis-scheduler/node_modules/jsdom/lib/jsdom/living/events/EventTarget-impl.js:94:17) undefined

      251 |             )
      252 |         ) {
    > 253 |             alert(`${season} ${year} semester already exists!`);
          |             ^
      254 |             return;
      255 |         }
      256 |

      at VirtualConsole.<anonymous> (node_modules/jsdom/lib/jsdom/virtual-console.js:29:45)
      at module.exports (node_modules/jsdom/lib/jsdom/browser/not-implemented.js:12:26)
      at alert (node_modules/jsdom/lib/jsdom/browser/Window.js:866:7)
      at handleSubmit (src/components/DegreePlanPage.tsx:253:13)
      at onClick (src/components/modals/NewSemesterPopup.tsx:59:36)
      at HTMLUnknownElement.callCallback (node_modules/react-dom/cjs/react-dom.development.js:3945:14)

  console.error
    Error: Not implemented: window.alert
        at module.exports (/home/runner/work/ud-cis-scheduler/ud-cis-scheduler/node_modules/jsdom/lib/jsdom/browser/not-implemented.js:9:17)
        at alert (/home/runner/work/ud-cis-scheduler/ud-cis-scheduler/node_modules/jsdom/lib/jsdom/browser/Window.js:866:7)
        at forEach (/home/runner/work/ud-cis-scheduler/ud-cis-scheduler/src/components/SingleSemesterPage.tsx:218:41)
        at Array.forEach (<anonymous>)
        at forEach (/home/runner/work/ud-cis-scheduler/ud-cis-scheduler/src/components/SingleSemesterPage.tsx:216:43)
        at Array.forEach (<anonymous>)
        at onClick (/home/runner/work/ud-cis-scheduler/ud-cis-scheduler/src/components/SingleSemesterPage.tsx:215:50)
        at HTMLUnknownElement.callCallback (/home/runner/work/ud-cis-scheduler/ud-cis-scheduler/node_modules/react-dom/cjs/react-dom.development.js:3945:14)
        at HTMLUnknownElement.callTheUserObjectsOperation (/home/runner/work/ud-cis-scheduler/ud-cis-scheduler/node_modules/jsdom/lib/jsdom/living/generated/EventListener.js:26:30)
        at innerInvokeEventListeners (/home/runner/work/ud-cis-scheduler/ud-cis-scheduler/node_modules/jsdom/lib/jsdom/living/events/EventTarget-impl.js:338:25) undefined

      216 |                                 s.courses.forEach((c: Course) => {
      217 |                                     if (c.code === currentSelectedCourse) {
    > 218 |                                         alert(
          |                                         ^
      219 |                                             `${c.code} is already in this or another semester!`
      220 |                                         );
      221 |                                         addCourse = false;

      at VirtualConsole.<anonymous> (node_modules/jsdom/lib/jsdom/virtual-console.js:29:45)
      at module.exports (node_modules/jsdom/lib/jsdom/browser/not-implemented.js:12:26)
      at alert (node_modules/jsdom/lib/jsdom/browser/Window.js:866:7)
      at forEach (src/components/SingleSemesterPage.tsx:218:41)
          at Array.forEach (<anonymous>)
      at src/components/SingleSemesterPage.tsx:216:43

  console.error
    Error: Not implemented: window.alert
        at module.exports (/home/runner/work/ud-cis-scheduler/ud-cis-scheduler/node_modules/jsdom/lib/jsdom/browser/not-implemented.js:9:17)
        at alert (/home/runner/work/ud-cis-scheduler/ud-cis-scheduler/node_modules/jsdom/lib/jsdom/browser/Window.js:866:7)
        at forEach (/home/runner/work/ud-cis-scheduler/ud-cis-scheduler/src/components/SingleSemesterPage.tsx:311:37)
        at Array.forEach (<anonymous>)
        at forEach (/home/runner/work/ud-cis-scheduler/ud-cis-scheduler/src/components/SingleSemesterPage.tsx:309:39)
        at Array.forEach (<anonymous>)
        at onClick (/home/runner/work/ud-cis-scheduler/ud-cis-scheduler/src/components/SingleSemesterPage.tsx:308:46)
        at HTMLUnknownElement.callCallback (/home/runner/work/ud-cis-scheduler/ud-cis-scheduler/node_modules/react-dom/cjs/react-dom.development.js:3945:14)
        at HTMLUnknownElement.callTheUserObjectsOperation (/home/runner/work/ud-cis-scheduler/ud-cis-scheduler/node_modules/jsdom/lib/jsdom/living/generated/EventListener.js:26:30)
        at innerInvokeEventListeners (/home/runner/work/ud-cis-scheduler/ud-cis-scheduler/node_modules/jsdom/lib/jsdom/living/events/EventTarget-impl.js:338:25) undefined

      309 |                             s.courses.forEach((c: Course) => {
      310 |                                 if (c.code === currentCustomCourse.code) {
    > 311 |                                     alert(
          |                                     ^
      312 |                                         `${c.code} is already in this or another semester!`
      313 |                                     );
      314 |                                     addCourse = false;

      at VirtualConsole.<anonymous> (node_modules/jsdom/lib/jsdom/virtual-console.js:29:45)
      at module.exports (node_modules/jsdom/lib/jsdom/browser/not-implemented.js:12:26)
      at alert (node_modules/jsdom/lib/jsdom/browser/Window.js:866:7)
      at forEach (src/components/SingleSemesterPage.tsx:311:37)
          at Array.forEach (<anonymous>)
      at src/components/SingleSemesterPage.tsx:309:39

PASS src/App.test.tsx
  UD CIS Scheduler tests
    ✓ A popup appears on load, which shows info about the program, and you can close it. You can also re-open it to see the same message. (150 ms)
    ✓ There is a sample plan on the screen, named Sample Degree Plan, and it has 4 semesters. (34 ms)
    ✓ When we go to the sample plan, the page should have the same name as the title, and 4 semesters. (230 ms)
    ✓ Deleting the F23 semester, we should be left with three semesters, S24, F24, S25. We can also go back to the homepage, where it says 3 semesters are left. (154 ms)
    ✓ When we create a new semester with new season/year values, it should add with no classes. (245 ms)
    ✓ If I open up the new semester popup and click off or press Escape, it should close the modal without submitting anything. (118 ms)
    ✓ Can't add a semester that already exists (174 ms)
    ✓ You can delete a course from a semester (124 ms)
    ✓ You can add a course from the default dropdown to a semester. You also cannot add the same course twice (148 ms)
    ✓ You can add a custom course to a semester, and leave the semester edit page. You also cannot add the same course twice (446 ms)
    ✓ You can create a new plan with a custom name (60 ms)
    ✓ You can delete an existing plan (36 ms)
    ✓ You can edit a course's code, name, credits within a semester (233 ms)
    ✓ Can delete all semesters in a plan (73 ms)
    ✓ Can set a plan's concentration (87 ms)
    ✓ Can delete all courses in a semester (90 ms)
    ✓ For a course, we can edit it then revert to its original state (265 ms)
    ✓ Can't add a custom course if it's in another semester already (135 ms)

-------------------------------|---------|----------|---------|---------|-------------------
File                           | % Stmts | % Branch | % Funcs | % Lines | Uncovered Line #s 
-------------------------------|---------|----------|---------|---------|-------------------
All files                      |   99.25 |    88.05 |     100 |   99.24 |                   
 src                           |     100 |       90 |     100 |     100 |                   
  App.tsx                      |     100 |       90 |     100 |     100 | 237               
 src/components                |   99.13 |     87.9 |     100 |   99.12 |                   
  DegreePlanPage.tsx           |   98.31 |    84.21 |     100 |    98.3 | 328-329           
  PlannedCourses.tsx           |     100 |    92.85 |     100 |     100 | 117               
  SemesterView.tsx             |     100 |      100 |     100 |     100 |                   
  SingleSemesterPage.tsx       |     100 |       90 |     100 |     100 | 118,211           
 src/components/modals         |     100 |      100 |     100 |     100 |                   
  IntroPopup.tsx               |     100 |      100 |     100 |     100 |                   
  NewSemesterPopup.tsx         |     100 |      100 |     100 |     100 |                   
 src/data                      |     100 |      100 |     100 |     100 |                   
  concentrations.ts            |     100 |      100 |     100 |     100 |                   
  defaultCourses.ts            |     100 |      100 |     100 |     100 |                   
 src/interfaces                |       0 |        0 |       0 |       0 |                   
  course.ts                    |       0 |        0 |       0 |       0 |                   
  degreePlan.ts                |       0 |        0 |       0 |       0 |                   
  degreeRequirementCategory.ts |       0 |        0 |       0 |       0 |                   
  degreeRequirements.ts        |       0 |        0 |       0 |       0 |                   
  semester.ts                  |       0 |        0 |       0 |       0 |                   
-------------------------------|---------|----------|---------|---------|-------------------
Test Suites: 1 passed, 1 total
Tests:       18 passed, 18 total
Snapshots:   0 total
Time:        5.918 s
Ran all test suites.
